%%%%%%%%%%%%%%%%%%%%%%%%%%%%%%%%%%%%%%%%%%%%%%%%%%%%%%%%%%%%%%%%%%%%%%%%%%%%%%%%
                          S u m m a r y   R e p o r t
%%%%%%%%%%%%%%%%%%%%%%%%%%%%%%%%%%%%%%%%%%%%%%%%%%%%%%%%%%%%%%%%%%%%%%%%%%%%%%%%

Compilation
-----------
File     : /scratchin/grupos/bam/home/paulo.kubota/bam_hybrid-2.0/model/source_cray_dbx_diffusion_save_rad_sfc_ibis_restart/Physics/Radiation/RRTMG/ext/rrtmg_lw/rrlw_kg10.f90
Compiled : 12/12/20  00:22:58
Compiler : Version 8.0.6
Target   : x86-64
Command  : /opt/cray/cce/8.0.6/cftn/x86-64/bin/ftn_driver.exe -hcpu=mc12
           -hnetwork=gemini -hstatic -ra -hbyteswapio
           -Onomodinline,vector0,ipa0,fusion0,unroll0,fp0 -homp -sdefault32
           -hdisplay_opt -c -I/opt/cray/udreg/2.3.1-1.0400.4264.3.1.gem/include
           -I/opt/cray/ugni/2.3-1.0400.4374.4.88.gem/include
           -I/opt/cray/pmi/3.0.1-1.0000.9101.2.26.gem/include
           -I/opt/cray/dmapp/3.2.1-1.0400.4255.2.159.gem/include
           -I/opt/cray/gni-headers/2.1-1.0400.4351.3.1.gem/include
           -I/opt/cray/xpmem/0.1-2.0400.31280.3.1.gem/include
           -I/opt/cray/rca/1.0.0-2.0400.31553.3.58.gem/include
           -I/opt/cray-hss-devel/6.0.0/include
           -I/opt/cray/krca/1.0.0-2.0400.31554.3.55.gem/include
           -I/opt/cray/cce/8.0.6/craylibs/x86-64/include
           -I/opt/cray/xe-sysroot/4.0.46.securitypatch.20120828/usr/include
           -L/opt/cray/udreg/2.3.1-1.0400.4264.3.1.gem/lib64
           -L/opt/cray/ugni/2.3-1.0400.4374.4.88.gem/lib64
           -L/opt/cray/pmi/3.0.1-1.0000.9101.2.26.gem/lib64
           -L/opt/cray/dmapp/3.2.1-1.0400.4255.2.159.gem/lib64
           -L/opt/cray/xpmem/0.1-2.0400.31280.3.1.gem/lib64
           -L/opt/cray/rca/1.0.0-2.0400.31553.3.58.gem/lib64 -lrca
           -L/opt/cray/cce/8.0.6/craylibs/x86-64 -L/opt/gcc/4.4.4/snos/lib64
           -D__CRAYXE -D__CRAYXT_COMPUTE_LINUX_TARGET -D__TARGET_LINUX__
           -I/opt/cray/mpt/5.5.4/gni/mpich2-cray/74/include
           -I/opt/xt-libsci/11.1.01/cray/74/mc12/include
           -I/opt/cray/hdf5/1.8.8/cray/74/include
           -I/opt/cray/netcdf/4.2.0/cray/74/include
           -L/opt/cray/mpt/5.5.4/gni/mpich2-cray/74/lib
           -L/opt/xt-libsci/11.1.01/cray/74/mc12/lib
           -L/opt/cray/hdf5/1.8.8/cray/74/lib
           -L/opt/cray/netcdf/4.2.0/cray/74/lib -lnetcdff_cray -lnetcdf_cray
           -lhdf5hl_fortran_cray -lhdf5_hl_cray -lhdf5_fortran_cray -lhdf5_cray
           -lz -lscicpp_cray -lsci_cray_mp -lmpichf90_cray -lmpich_cray -lmpl
           -lxpmem -ldmapp -lpmi -lugni -lalpslli -lalpsutil -ludreg
           -L/opt/cray/xe-sysroot/4.0.46.securitypatch.20120828/usr/lib64
           -L/opt/cray/xe-sysroot/4.0.46.securitypatch.20120828/lib64
           -L/opt/cray/xe-sysroot/4.0.46.securitypatch.20120828/usr/lib/alps
           -L/usr/lib/alps rrlw_kg10.f90

ftnlx report
------------
Source   : /scratchin/grupos/bam/home/paulo.kubota/bam_hybrid-2.0/model/source_cray_dbx_diffusion_save_rad_sfc_ibis_restart/Physics/Radiation/RRTMG/ext/rrtmg_lw/rrlw_kg10.f90
Date     : 12/12/2020  00:22:58


%%%%%%%%%%%%%%%%%%%%%%%%%%%%%%%%%%%%%%%%%%%%%%%%%%%%%%%%%%%%%%%%%%%%%%%%%%%%%%%%
                          O p t i o n s   R e p o r t
%%%%%%%%%%%%%%%%%%%%%%%%%%%%%%%%%%%%%%%%%%%%%%%%%%%%%%%%%%%%%%%%%%%%%%%%%%%%%%%%

Options :  -O cache2,fp0,scalar2,thread2,vector0,mpi0,nomodinline,ipa0,noaggress
           -O autoprefetch,noautothread,fusion0,nomsgs,negmsgs,nooverindex
           -O nopattern,shortcircuit2,unroll0,nozeroinc
           -h noadd_paren,align_arrays,nocaf,dwarf,fp_trap,nofunc_trace,nomessag
           e
           -h noomp_analyze,noomp_trace,nopat_trace
           -h omp,noomp_acc,noacc
           -h flex_mp=default
           -h cpu=x86-64,mc12,gemini
           -s default32
           -eh
           -d acdgjmnopvwBDEFILPQRSTZ0
           -e qsAC 
           -f free
           -m3
           -S /tmp/pe_12544/rrlw_kg10_1.s


%%%%%%%%%%%%%%%%%%%%%%%%%%%%%%%%%%%%%%%%%%%%%%%%%%%%%%%%%%%%%%%%%%%%%%%%%%%%%%%%
                          S o u r c e   L i s t i n g
%%%%%%%%%%%%%%%%%%%%%%%%%%%%%%%%%%%%%%%%%%%%%%%%%%%%%%%%%%%%%%%%%%%%%%%%%%%%%%%%


     %%%    L o o p m a r k   L e g e n d    %%%

     Primary Loop Type        Modifiers
     ------- ---- ----        ---------
     There are no optimizations or loops to mark


    1.          module rrlw_kg10
    2.    
    3.          use shr_kind_mod, only: r8 => shr_kind_r8
    4.    
    5.    !      use parkind ,only : jpim, jprb
    6.    
    7.          implicit none
    8.          save
    9.    
   10.    !-----------------------------------------------------------------
   11.    ! rrtmg_lw ORIGINAL abs. coefficients for interval 10
   12.    ! band 10:  1390-1480 cm-1 (low - h2o; high - h2o)
   13.    !
   14.    ! Initial version:  JJMorcrette, ECMWF, jul1998
   15.    ! Revised: MJIacono, AER, jun2006
   16.    !-----------------------------------------------------------------
   17.    !
   18.    !  name     type     purpose
   19.    !  ----   : ----   : ---------------------------------------------
   20.    !fracrefao: real    
   21.    !fracrefbo: real    
   22.    ! kao     : real     
   23.    ! kbo     : real     
   24.    ! selfrefo: real     
   25.    ! forrefo : real     
   26.    !-----------------------------------------------------------------
   27.    
   28.          integer, parameter :: no10 = 16
   29.    
   30.          real(kind=r8) , dimension(no10) :: fracrefao
   31.          real(kind=r8) , dimension(no10) :: fracrefbo
   32.    
   33.          real(kind=r8) :: kao(5,13,no10)
   34.          real(kind=r8) :: kbo(5,13:59,no10)
   35.          real(kind=r8) :: selfrefo(10,no10)
   36.          real(kind=r8) :: forrefo(4,no10)
   37.    
   38.    !-----------------------------------------------------------------
   39.    ! rrtmg_lw COMBINED abs. coefficients for interval 10
   40.    ! band 10:  1390-1480 cm-1 (low - h2o; high - h2o)
   41.    !
   42.    ! Initial version:  JJMorcrette, ECMWF, jul1998
   43.    ! Revised: MJIacono, AER, jun2006
   44.    !-----------------------------------------------------------------
   45.    !
   46.    !  name     type     purpose
   47.    !  ----   : ----   : ---------------------------------------------
   48.    !fracrefao: real    
   49.    !fracrefbo: real    
   50.    ! kao     : real     
   51.    ! kbo     : real     
   52.    ! selfref : real     
   53.    ! forref  : real     
   54.    !
   55.    ! absa    : real
   56.    ! absb    : real
   57.    !-----------------------------------------------------------------
   58.    
   59.          integer, parameter :: ng10 = 6
   60.    
   61.          real(kind=r8) , dimension(ng10) :: fracrefa
   62.          real(kind=r8) , dimension(ng10) :: fracrefb
   63.    
   64.          real(kind=r8) :: ka(5,13,ng10)   , absa(65,ng10)
   65.          real(kind=r8) :: kb(5,13:59,ng10), absb(235,ng10)
   66.          real(kind=r8) :: selfref(10,ng10)
   67.          real(kind=r8) :: forref(4,ng10)
   68.    
   69.          equivalence (ka(1,1,1),absa(1,1)),(kb(1,13,1),absb(1,1))
   70.    
   71.          end module rrlw_kg10


%%%%%%%%%%%%%%%%%%%%%%%%%%%%%%%%%%%%%%%%%%%%%%%%%%%%%%%%%%%%%%%%%%%%%%%%%%%%%%%%
                C r o s s   R e f e r e n c e   for   RRLW_KG10
%%%%%%%%%%%%%%%%%%%%%%%%%%%%%%%%%%%%%%%%%%%%%%%%%%%%%%%%%%%%%%%%%%%%%%%%%%%%%%%%

Name                            Storage                           Attributes
----                            -------                           ----------

ABSA                            Static offset=90240               REAL(KIND=8), DIMENSION(65, 6), EQUIVALENCE, SAVE
  Decl      64      69
  Set 
  Used

ABSB                            Static offset=0                   REAL(KIND=8), DIMENSION(235, 6), EQUIVALENCE, SAVE
  Decl      65      69
  Set 
  Used

FORREF                          Static offset=115200              REAL(KIND=8), DIMENSION(4, 6), SAVE
  Decl      67
  Set 
  Used

FORREFO                         Static offset=119296              REAL(KIND=8), DIMENSION(4, 16), SAVE
  Decl      36
  Set 
  Used

FRACREFA                        Static offset=123904              REAL(KIND=8), DIMENSION(6), SAVE
  Decl      61
  Set 
  Used

FRACREFAO                       Static offset=124416              REAL(KIND=8), DIMENSION(16), SAVE
  Decl      30
  Set 
  Used

FRACREFB                        Static offset=128000              REAL(KIND=8), DIMENSION(6), SAVE
  Decl      62
  Set 
  Used

FRACREFBO                       Static offset=128512              REAL(KIND=8), DIMENSION(16), SAVE
  Decl      31
  Set 
  Used

KA                              Static offset=90240               REAL(KIND=8), DIMENSION(5, 13, 6), EQUIVALENCE, SAVE
  Decl      64      69
  Set 
  Used

KAO                             Static offset=132096              REAL(KIND=8), DIMENSION(5, 13, 16), SAVE
  Decl      33
  Set 
  Used

KB                              Static offset=0                   REAL(KIND=8), DIMENSION(5, 13:59, 6), EQUIVALENCE, SAVE
  Decl      65      69
  Set 
  Used

KBO                             Static offset=200192              REAL(KIND=8), DIMENSION(5, 13:59, 16), SAVE
  Decl      34
  Set 
  Used

NG10                                                              INTEGER, PARAMETER
  Decl      59
  Set 
  Used      61      62      64      65      66      67

NO10                                                              INTEGER, PARAMETER
  Decl      28
  Set 
  Used      30      31      33      34      35      36

R8                                                                INTEGER, PARAMETER, Renames SHR_KIND_R8 in SHR_KIND_MOD
  Decl       3
  Set 
  Used      30      31      33      34      35      36      61      62      64      65      66      67

RRLW_KG10                                                         Module
  Decl       1
  Set 
  Used

SELFREF                         Static offset=444416              REAL(KIND=8), DIMENSION(10, 6), SAVE
  Decl      66
  Set 
  Used

SELFREFO                        Static offset=449024              REAL(KIND=8), DIMENSION(10, 16), SAVE
  Decl      35
  Set 
  Used

SHR_KIND_MOD                                                      Module
  Decl
  Set 
  Used       3


%%%%%%%%%%%%%%%%%%%%%%%%%%%%%%%%%%%%%%%%%%%%%%%%%%%%%%%%%%%%%%%%%%%%%%%%%%%%%%%%
                         E x t e r n a l   R e p o r t
%%%%%%%%%%%%%%%%%%%%%%%%%%%%%%%%%%%%%%%%%%%%%%%%%%%%%%%%%%%%%%%%%%%%%%%%%%%%%%%%

Name  Messages
----  --------
RRLW_KG10
      Defined as:  Module (line 1, file rrlw_kg10.f90)

        Uses:      SHR_KIND_MOD

Name  Messages
----  --------
SHR_KIND_MOD
      Defined as:  No definitions.

      Used By:     RRLW_KG10


%%%%%%%%%%%%%%%%%%%%%%%%%%%%%%%%%%%%%%%%%%%%%%%%%%%%%%%%%%%%%%%%%%%%%%%%%%%%%%%%
%%%%%%%%%%%%%%%%%%%%%%%%%%%%%%%%%%%%%%%%%%%%%%%%%%%%%%%%%%%%%%%%%%%%%%%%%%%%%%%%
